// Jest Snapshot v1, https://goo.gl/fbAQLP

exports[`Boshoka component Matches the snapshot 1`] = `
<ul>
  <li>
    <h1>
      Hello World!
    </h1>
  </li>
  <br />
  <li>
    <h1>
      Hello World!
    </h1>
  </li>
  <br />
  <li>
    <h1>
      Hello World!
    </h1>
  </li>
  <br />
  <li>
    <h1>
      Hello World!
    </h1>
  </li>
  <br />
  <li>
    <h1>
      Hello World!
    </h1>
  </li>
  <br />
</ul>
`;
